// Jest Snapshot v1, https://goo.gl/fbAQLP

exports[`index coverage file extension 1`] = `
"

  index
    ✓ works


  1 passing

-----------|---------|----------|---------|---------|-------------------
File       | % Stmts | % Branch | % Funcs | % Lines | Uncovered Line #s 
-----------|---------|----------|---------|---------|-------------------
All files  |     100 |      100 |     100 |     100 |                   
 index.foo |     100 |      100 |     100 |     100 |                   
-----------|---------|----------|---------|---------|-------------------"
`;
