// Jest Snapshot v1, https://goo.gl/fbAQLP

exports[`index coverage file extension 1`] = `
"
  0 passing

-----------|---------|----------|---------|---------|-------------------
File       | % Stmts | % Branch | % Funcs | % Lines | Uncovered Line #s 
-----------|---------|----------|---------|---------|-------------------
All files  |     100 |      100 |     100 |     100 |                   
 index.foo |     100 |      100 |     100 |     100 |                   
-----------|---------|----------|---------|---------|-------------------"
`;

exports[`index multiple patterns 1`] = `
"
src/index1.spec.js
  index1
     ✓ valid

src/index2.spec.js
  index2
     ✓ valid

  2 passing

----------|---------|----------|---------|---------|-------------------
File      | % Stmts | % Branch | % Funcs | % Lines | Uncovered Line #s 
----------|---------|----------|---------|---------|-------------------
All files |       0 |        0 |       0 |       0 |                   
----------|---------|----------|---------|---------|-------------------"
`;
